// Jest Snapshot v1, https://goo.gl/fbAQLP

exports[`PokemonContainer should render correctly 1`] = `ShallowWrapper {}`;
