// Jest Snapshot v1, https://goo.gl/fbAQLP

exports[`Controls should render correctly 1`] = `ShallowWrapper {}`;
